
> vestrollpreviewpage@0.1.0 build
> next build

Γû▓ Next.js 16.1.1 (Turbopack)

  Creating an optimized production build ...
Γ£ô Compiled successfully in 21.8s
  Running TypeScript ...
node.exe : Failed to compile.
At line:1 char:1
+ & "C:\nvm4w\nodejs/node.exe" 
"C:\nvm4w\nodejs/node_modules/npm/bin/np ...
+ ~~~~~~~~~~~~~~~~~~~~~~~~~~~~~~~~~~~~~~~~~~~~~~~~~~~~~~~
~~~~~~~~~~~~~~
    + CategoryInfo          : NotSpecified: (Failed to c 
   ompile.:String) [], RemoteException
    + FullyQualifiedErrorId : NativeCommandError
 

./src/components/sections/workforce.tsx:89:13
Type error: Type '{ hidden: { y: number; opacity: 
number; }; visible: { y: number; opacity: number; 
transition: { duration: number; ease: string; }; }; }' 
is not assignable to type 'Variants'.
  Property 'visible' is incompatible with index 
signature.
    Type '{ y: number; opacity: number; transition: { 
duration: number; ease: string; }; }' is not assignable 
to type 'Variant'.
      Type '{ y: number; opacity: number; transition: { 
duration: number; ease: string; }; }' is not assignable 
to type 'TargetAndTransition'.
        Type '{ y: number; opacity: number; transition: 
{ duration: number; ease: string; }; }' is not 
assignable to type '{ transition?: Transition<any> | 
undefined; transitionEnd?: ResolvedValues$1 | undefined; 
}'.
          Types of property 'transition' are 
incompatible.
            Type '{ duration: number; ease: string; }' 
is not assignable to type 'Transition<any> | undefined'.
              Type '{ duration: number; ease: string; }' 
is not assignable to type 
'TransitionWithValueOverrides<any>'.
                Type '{ duration: number; ease: string; 
}' is not assignable to type 
'ValueAnimationTransition<any>'.
                  Types of property 'ease' are 
incompatible.
                    Type 'string' is not assignable to 
type 'Easing | Easing[] | undefined'.

[0m [90m 87 |[39m           {[90m/* Left Column - 
Freelancers (Tall) */[39m}
 [90m 88 |[39m           
[33m<[39m[33mmotion[39m[33m.[39mdiv
[31m[1m>[22m[39m[90m 89 |[39m             
variants[33m=[39m{itemVariants}
 [90m    |[39m             [31m[1m^[22m[39m
 [90m 90 |[39m             
className[33m=[39m[32m"relative bg-white rounded-3xl 
overflow-hidden shadow-lg hover:shadow-xl 
transition-shadow duration-300 group"[39m
 [90m 91 |[39m           [33m>[39m
 [90m 92 |[39m             [33m<[39m[33mdiv[39m 
className[33m=[39m[32m"relative w-full h-[400px] 
lg:h-[600px]"[39m[33m>[39m[0m
Next.js build worker exited with code: 1 and signal: null
